../Core/Src/main.c:106:5:main	1
../Core/Src/main.c:192:6:HAL_GPIO_EXTI_Callback	1
../Core/Src/main.c:206:6:SystemClock_Config	4
../Core/Src/main.c:267:6:PeriphCommonClock_Config	2
../Core/Src/main.c:296:13:MX_ADC1_Init	3
../Core/Src/main.c:354:13:MX_I2C1_Init	4
../Core/Src/main.c:402:13:MX_QUADSPI_Init	2
../Core/Src/main.c:437:13:MX_RNG_Init	2
../Core/Src/main.c:463:13:MX_RTC_Init	2
../Core/Src/main.c:499:13:MX_SPI1_Init	2
../Core/Src/main.c:539:13:MX_SPI3_Init	2
../Core/Src/main.c:579:13:MX_TIM2_Init	4
../Core/Src/main.c:628:13:MX_TIM3_Init	4
../Core/Src/main.c:677:13:MX_USART1_UART_Init	2
../Core/Src/main.c:712:13:MX_USART2_UART_Init	2
../Core/Src/main.c:747:13:MX_USART3_UART_Init	2
../Core/Src/main.c:782:13:MX_USB_PCD_Init	2
../Core/Src/main.c:815:13:MX_GPIO_Init	1
../Core/Src/main.c:892:6:StartDefaultTask	1
../Core/Src/main.c:918:6:HAL_TIM_PeriodElapsedCallback	2
../Core/Src/main.c:936:6:Error_Handler	1
