../Drivers/LSM303AGR_Driver/lsm303agr.c:94:6:LSM303AGR_AccInit	24	static
../Drivers/LSM303AGR_Driver/lsm303agr.c:115:6:LSM303AGR_AccDeInit	4	static
../Drivers/LSM303AGR_Driver/lsm303agr.c:124:9:LSM303AGR_AccReadID	16	static
../Drivers/LSM303AGR_Driver/lsm303agr.c:142:6:LSM303AGR_AccRebootCmd	16	static
../Drivers/LSM303AGR_Driver/lsm303agr.c:161:6:LSM303AGR_AccFilterConfig	24	static
../Drivers/LSM303AGR_Driver/lsm303agr.c:183:6:LSM303AGR_AccFilterCmd	24	static
../Drivers/LSM303AGR_Driver/lsm303agr.c:203:6:LSM303AGR_AccReadXYZ	40	static
../Drivers/LSM303AGR_Driver/lsm303agr.c:272:6:LSM303AGR_AccFilterClickCmd	24	static
../Drivers/LSM303AGR_Driver/lsm303agr.c:300:6:LSM303AGR_AccIT1Enable	24	static
../Drivers/LSM303AGR_Driver/lsm303agr.c:327:6:LSM303AGR_AccIT1Disable	24	static
../Drivers/LSM303AGR_Driver/lsm303agr.c:353:6:LSM303AGR_AccIT2Enable	24	static
../Drivers/LSM303AGR_Driver/lsm303agr.c:379:6:LSM303AGR_AccIT2Disable	24	static
../Drivers/LSM303AGR_Driver/lsm303agr.c:399:6:LSM303AGR_AccINT1InterruptEnable	24	static
../Drivers/LSM303AGR_Driver/lsm303agr.c:419:6:LSM303AGR_AccINT1InterruptDisable	24	static
../Drivers/LSM303AGR_Driver/lsm303agr.c:439:6:LSM303AGR_AccINT2InterruptEnable	24	static
../Drivers/LSM303AGR_Driver/lsm303agr.c:459:6:LSM303AGR_AccINT2InterruptDisable	24	static
../Drivers/LSM303AGR_Driver/lsm303agr.c:478:6:LSM303AGR_AccClickITEnable	24	static
../Drivers/LSM303AGR_Driver/lsm303agr.c:512:6:LSM303AGR_AccClickITDisable	24	static
../Drivers/LSM303AGR_Driver/lsm303agr.c:531:6:LSM303AGR_AccZClickITConfig	8	static
