../Core/Src/main.c:112:5:main	48	static
../Core/Src/main.c:203:6:SystemClock_Config	96	static
../Core/Src/main.c:264:6:PeriphCommonClock_Config	112	static
../Core/Src/main.c:293:13:MX_ADC1_Init	32	static
../Core/Src/main.c:351:13:MX_I2C1_Init	8	static
../Core/Src/main.c:399:13:MX_QUADSPI_Init	8	static
../Core/Src/main.c:434:13:MX_RNG_Init	8	static
../Core/Src/main.c:460:13:MX_RTC_Init	8	static
../Core/Src/main.c:496:13:MX_SPI1_Init	8	static
../Core/Src/main.c:536:13:MX_SPI3_Init	8	static
../Core/Src/main.c:576:13:MX_TIM2_Init	48	static
../Core/Src/main.c:625:13:MX_TIM3_Init	48	static
../Core/Src/main.c:674:13:MX_USART1_UART_Init	8	static
../Core/Src/main.c:709:13:MX_USART2_UART_Init	8	static
../Core/Src/main.c:744:13:MX_USART3_UART_Init	8	static
../Core/Src/main.c:779:13:MX_USB_PCD_Init	8	static
../Core/Src/main.c:812:13:MX_GPIO_Init	48	static
../Core/Src/main.c:889:6:StartDefaultTask	32	static
../Core/Src/main.c:921:6:HAL_TIM_PeriodElapsedCallback	16	static
../Core/Src/main.c:939:6:Error_Handler	4	static,ignoring_inline_asm
