../Core/Src/main.c:104:6:HAL_GPIO_EXTI_Callback	16	static
../Core/Src/main.c:111:5:main	48	static
../Core/Src/main.c:201:6:SystemClock_Config	96	static
../Core/Src/main.c:262:6:PeriphCommonClock_Config	112	static
../Core/Src/main.c:291:13:MX_ADC1_Init	32	static
../Core/Src/main.c:349:13:MX_I2C1_Init	8	static
../Core/Src/main.c:397:13:MX_QUADSPI_Init	8	static
../Core/Src/main.c:432:13:MX_RNG_Init	8	static
../Core/Src/main.c:458:13:MX_RTC_Init	8	static
../Core/Src/main.c:494:13:MX_SPI1_Init	8	static
../Core/Src/main.c:534:13:MX_SPI3_Init	8	static
../Core/Src/main.c:574:13:MX_TIM2_Init	48	static
../Core/Src/main.c:623:13:MX_TIM3_Init	48	static
../Core/Src/main.c:672:13:MX_USART1_UART_Init	8	static
../Core/Src/main.c:707:13:MX_USART2_UART_Init	8	static
../Core/Src/main.c:742:13:MX_USART3_UART_Init	8	static
../Core/Src/main.c:777:13:MX_USB_PCD_Init	8	static
../Core/Src/main.c:810:13:MX_GPIO_Init	48	static
../Core/Src/main.c:887:6:StartDefaultTask	16	static
../Core/Src/main.c:910:6:HAL_TIM_PeriodElapsedCallback	16	static
../Core/Src/main.c:928:6:Error_Handler	4	static,ignoring_inline_asm
